MPASM  5.51                 PROJECTSHERAZ.ASM   12-25-2018  15:53:31         PAGE  1


LOC  OBJECT CODE     LINE SOURCE TEXT
  VALUE

Warning[205]: Found directive in column 1. (LIST)
                      00001 LIST P=PIC18F452, F=INHX32, N=0, ST=OFF, R=HEX
Warning[205]: Found directive in column 1. (config)
22 02 0E 01 80 0F C0 000002 config OSC=HS, OSCS=OFF, WDT=OFF, BORV=45, PWRT=ON, BOR=ON, DEBUG=OFF, LVP=OFF, STVR=OFF
       F E0 0F 40 
                      00003 
                      00004 #INCLUDE <P18F452.INC>
                      00001         LIST
                      00002 
                      00003 ;==========================================================================
                      00004 ;  MPASM PIC18F452 processor include
                      00005 ; 
                      00006 ;  (c) Copyright 1999-2013 Microchip Technology, All rights reserved
                      00007 ;==========================================================================
                      00008 
                      01254         LIST
Warning[205]: Found directive in column 1. (ORG)
000000                00005 ORG 00H 
Warning[203]: Found opcode in column 1. (GOTO)
000000 EF08 F000      00006 GOTO MAIN
                      00007 
Warning[205]: Found directive in column 1. (ORG)
000008                00008 ORG 08H
                      00009 
Warning[203]: Found opcode in column 1. (BTFSS)
000008 A4F2           00010 BTFSS INTCON,TMR0IF ; Timer0 interrupt ?
Warning[203]: Found opcode in column 1. (RETFIE)
00000A 0010           00011 RETFIE
Warning[203]: Found opcode in column 1. (GOTO)
00000C EF4D F002      00012 GOTO ISR
                      00013 
                      00014 
                      00015 
000010                00016 MAIN
Warning[205]: Found directive in column 1. (ORG)
000200                00017 ORG 200H
                      00018 
  00000F83            00019 LCD_DATA EQU PORTD
  00000F82            00020 LCD_CTRL EQU PORTC
  00000000            00021 RS EQU RC0
  00000001            00022 RW EQU RC1
  00000002            00023 EN EQU RC2
                      00024 
                      00025 
                      00026 
Warning[203]: Found opcode in column 1. (BCF)
000200 9094           00027 BCF TRISC,0
Warning[203]: Found opcode in column 1. (BCF)
000202 9294           00028 BCF TRISC,1
Warning[203]: Found opcode in column 1. (BCF)
000204 9494           00029 BCF TRISC,2 
                      00030 
Warning[203]: Found opcode in column 1. (CLRF)
000206 6A95           00031 CLRF TRISD
                      00032 
Warning[203]: Found opcode in column 1. (MOVLW)
000208 0E01           00033 MOVLW 01H
Warning[203]: Found opcode in column 1. (MOVWF)
00020A 6E30           00034 MOVWF 30H
                      00035 
Warning[203]: Found opcode in column 1. (BCF)
00020C 9482           00036 BCF LCD_CTRL,EN
Warning[203]: Found opcode in column 1. (CALL)
00020E EC8C F001      00037 CALL DELAY
Warning[203]: Found opcode in column 1. (MOVLW)
000212 0E38           00038 MOVLW 0X38;8BIT 2LINES
Warning[203]: Found opcode in column 1. (CALL)
000214 EC7C F001      00039 CALL COMWRT
Warning[203]: Found opcode in column 1. (CALL)
000218 EC8C F001      00040 CALL DELAY
Warning[203]: Found opcode in column 1. (MOVLW)
00021C 0E0E           00041 MOVLW 0X0E;CURSON ON
Warning[203]: Found opcode in column 1. (CALL)
00021E EC7C F001      00042 CALL COMWRT
Warning[203]: Found opcode in column 1. (CALL)
000222 EC8C F001      00043 CALL DELAY
Warning[203]: Found opcode in column 1. (MOVLW)
000226 0E01           00044 MOVLW 0X01
Warning[203]: Found opcode in column 1. (CALL)
000228 EC7C F001      00045 CALL COMWRT
Warning[203]: Found opcode in column 1. (CALL)
00022C EC8C F001      00046 CALL DELAY
Warning[203]: Found opcode in column 1. (MOVLW)
000230 0E06           00047 MOVLW 0X06
Warning[203]: Found opcode in column 1. (CALL)
000232 EC7C F001      00048 CALL COMWRT
Warning[203]: Found opcode in column 1. (CALL)
000236 EC8C F001      00049 CALL DELAY
                      00050 
Warning[203]: Found opcode in column 1. (MOVLW)
00023A 0E80           00051 MOVLW 80H
Warning[203]: Found opcode in column 1. (CALL)
00023C EC7C F001      00052 CALL COMWRT
Warning[203]: Found opcode in column 1. (CALL)
000240 EC8C F001      00053 CALL DELAY
                      00054 
                      00055 ;TO GOTO 2ND LINE
                      00056 
                      00057 ;MOVLW 0C0H
                      00058 ;CALL COMWRT
                      00059 ;CALL SSDELAY
                      00060 ;
                      00061 ;TO CLEAR LCD
                      00062 ;MOVLW 0X01
                      00063 ;CALL COMWRT
                      00064 ;CALL SSDELAY
                      00065 
                      00066 ;LCD VARIABLES SETTING END
                      00067 
                      00068 ;
                      00069 
                      00070 
                      00071 ;***************************************************************************
                      00072 ;*************************************CODE STARTS HERE**********************
                      00073 ;***************************************************************************
                      00074 ;
                      00075 
Warning[203]: Found opcode in column 1. (BCF)
000244 94F2           00076 BCF INTCON,TMR0IF
                      00077 
Warning[203]: Found opcode in column 1. (BSF)
000246 8AF2           00078 BSF INTCON,TMR0IE
Warning[203]: Found opcode in column 1. (BSF)
000248 8EF2           00079 BSF INTCON,GIE
                      00080 
Warning[203]: Found opcode in column 1. (CALL)
00024A ECA4 F001      00081 CALL INITIALDISPLAY
                      00082 
00024E                00083 AGAIN
                      00084 
                      00085 ;
                      00086 ;CALL SSDELAY
                      00087 ;MOVF 03H,W
                      00088 ;CALL H2A
                      00089 ;CALL SSDELAY
                      00090 
Warning[203]: Found opcode in column 1. (MOVLW)
00024E 0E68           00091 MOVLW 0x68
Warning[203]: Found opcode in column 1. (MOVWF)
000250 6ED5           00092 MOVWF T0CON
                      00093 
Warning[203]: Found opcode in column 1. (MOVLW)
000252 0EFF           00094 MOVLW 0xFF
Warning[203]: Found opcode in column 1. (MOVWF)
000254 6ED6           00095 MOVWF TMR0L
                      00096 
Warning[203]: Found opcode in column 1. (BTFSS)
000256 A880           00097 BTFSS PORTA,4
Warning[203]: Found opcode in column 1. (BRA)
000258 D7FA           00098 BRA AGAIN
                      00099 ;TO CLEAR LCD
                      00100 
00025A                00101 AGAIN2
Warning[203]: Found opcode in column 1. (BTFSC)
00025A B081           00102 BTFSC PORTB,0
Warning[203]: Found opcode in column 1. (BRA)
00025C D003           00103 BRA INC
                      00104 
Warning[203]: Found opcode in column 1. (BTFSC)
00025E B881           00105 BTFSC PORTB,4
Warning[203]: Found opcode in column 1. (BRA)
000260 D00C           00106 BRA DEC
                      00107 
Warning[203]: Found opcode in column 1. (BRA)
000262 D7FB           00108 BRA AGAIN2
                      00109 
                      00110 
                      00111 
                      00112 
000264                00113 INC
Warning[203]: Found opcode in column 1. (MOVLW)
000264 0E01           00114 MOVLW 0X01
Warning[203]: Found opcode in column 1. (CALL)
000266 EC7C F001      00115 CALL COMWRT
Warning[203]: Found opcode in column 1. (CALL)
00026A EC98 F001      00116 CALL SSDELAY
                      00117 
Warning[203]: Found opcode in column 1. (BSF)
00026E 8ED5           00118 BSF T0CON,7
Warning[203]: Found opcode in column 1. (MOVF)
000270 5000           00119 MOVF 00H,W;INC COUNTER
Warning[203]: Found opcode in column 1. (ADDWF)
000272 2601           00120 ADDWF 01H
Warning[203]: Found opcode in column 1. (CLRF)
000274 6A00           00121 CLRF 00H
Warning[203]: Found opcode in column 1. (BRA)
000276 D00C           00122 BRA CALCULATE
                      00123 
Warning[203]: Found opcode in column 1. (BRA)
000278 D7EA           00124 BRA AGAIN
                      00125 
00027A                00126 DEC
Warning[203]: Found opcode in column 1. (MOVLW)
00027A 0E01           00127 MOVLW 0X01
Warning[203]: Found opcode in column 1. (CALL)
00027C EC7C F001      00128 CALL COMWRT
Warning[203]: Found opcode in column 1. (CALL)
000280 EC8C F001      00129 CALL DELAY
                      00130 
Warning[203]: Found opcode in column 1. (BSF)
000284 8ED5           00131 BSF T0CON,7
Warning[203]: Found opcode in column 1. (MOVF)
000286 5000           00132 MOVF 00H,W;INC COUNTER
Warning[203]: Found opcode in column 1. (ADDWF)
000288 2602           00133 ADDWF 02H
Warning[203]: Found opcode in column 1. (CLRF)
00028A 6A00           00134 CLRF 00H
Warning[203]: Found opcode in column 1. (BRA)
00028C D001           00135 BRA CALCULATE
                      00136 
Warning[203]: Found opcode in column 1. (BRA)
00028E D7DF           00137 BRA AGAIN
                      00138 
000290                00139 CALCULATE
Warning[203]: Found opcode in column 1. (MOVF)
000290 5002           00140 MOVF 02H,W
                      00141 
Warning[203]: Found opcode in column 1. (SUBWF)
000292 5C01           00142 SUBWF 01H,W
Warning[203]: Found opcode in column 1. (MOVWF)
000294 6E03           00143 MOVWF 03H
                      00144 
Warning[203]: Found opcode in column 1. (BRA)
000296 D000           00145 BRA PRINT
                      00146 
                      00147 
000298                00148 PRINT
                      00149 
                      00150 
Warning[203]: Found opcode in column 1. (MOVLW)
000298 0E20           00151 MOVLW A' '
Warning[203]: Found opcode in column 1. (CALL)
00029A EC84 F001      00152 CALL DATAWRT
Warning[203]: Found opcode in column 1. (CALL)
00029E EC98 F001      00153 CALL SSDELAY
Warning[203]: Found opcode in column 1. (MOVLW)
0002A2 0E20           00154 MOVLW A' '
Warning[203]: Found opcode in column 1. (CALL)
0002A4 EC84 F001      00155 CALL DATAWRT
Warning[203]: Found opcode in column 1. (CALL)
0002A8 EC98 F001      00156 CALL SSDELAY
Warning[203]: Found opcode in column 1. (MOVLW)
0002AC 0E20           00157 MOVLW A' '
Warning[203]: Found opcode in column 1. (CALL)
0002AE EC84 F001      00158 CALL DATAWRT
Warning[203]: Found opcode in column 1. (CALL)
0002B2 EC98 F001      00159 CALL SSDELAY
Warning[203]: Found opcode in column 1. (MOVLW)
0002B6 0E20           00160 MOVLW A' '
Warning[203]: Found opcode in column 1. (CALL)
0002B8 EC84 F001      00161 CALL DATAWRT
Warning[203]: Found opcode in column 1. (CALL)
0002BC EC98 F001      00162 CALL SSDELAY
Warning[203]: Found opcode in column 1. (MOVLW)
0002C0 0E20           00163 MOVLW A' '
Warning[203]: Found opcode in column 1. (CALL)
0002C2 EC84 F001      00164 CALL DATAWRT
Warning[203]: Found opcode in column 1. (CALL)
0002C6 EC98 F001      00165 CALL SSDELAY
Warning[203]: Found opcode in column 1. (MOVLW)
0002CA 0E20           00166 MOVLW A' '
Warning[203]: Found opcode in column 1. (CALL)
0002CC EC84 F001      00167 CALL DATAWRT
Warning[203]: Found opcode in column 1. (CALL)
0002D0 EC98 F001      00168 CALL SSDELAY
Warning[203]: Found opcode in column 1. (MOVLW)
0002D4 0E20           00169 MOVLW A' '
Warning[203]: Found opcode in column 1. (CALL)
0002D6 EC84 F001      00170 CALL DATAWRT
Warning[203]: Found opcode in column 1. (CALL)
0002DA EC98 F001      00171 CALL SSDELAY
                      00172 
                      00173 
Warning[203]: Found opcode in column 1. (CALL)
0002DE EC98 F001      00174 CALL SSDELAY
Warning[203]: Found opcode in column 1. (MOVF)
0002E2 5003           00175 MOVF 03H,W
Warning[203]: Found opcode in column 1. (CALL)
0002E4 EC22 F002      00176 CALL H2A
Warning[203]: Found opcode in column 1. (CALL)
0002E8 EC98 F001      00177 CALL SSDELAY
                      00178 
Warning[203]: Found opcode in column 1. (MOVFF)
0002EC CF80 F077      00179 MOVFF PORTA,77H
Warning[203]: Found opcode in column 1. (MOVF)
0002F0 5077           00180 MOVF 77H,W
0002F2 6280           00181 STUCK CPFSEQ PORTA
Warning[203]: Found opcode in column 1. (BRA)
0002F4 D7AC           00182 BRA AGAIN
Warning[203]: Found opcode in column 1. (BRA)
0002F6 D7FD           00183 BRA STUCK
                      00184 
                      00185 
                      00186 
                      00187 
                      00188 
                      00189 
                      00190 
                      00191 
                      00192 
                      00193 
                      00194 
                      00195 ;FOR LCD DISPLAYING;
                      00196 
0002F8                00197 COMWRT
Warning[203]: Found opcode in column 1. (MOVWF)
0002F8 6E83           00198 MOVWF LCD_DATA
Warning[203]: Found opcode in column 1. (BCF)
0002FA 9082           00199 BCF LCD_CTRL,RS ;AS COMMAND MODE SELECT REGISTER = 0
Warning[203]: Found opcode in column 1. (BCF)
0002FC 9282           00200 BCF LCD_CTRL,RW ; AS OUTPUT WRITE MODE IN LCD
Warning[203]: Found opcode in column 1. (BSF)
0002FE 8482           00201 BSF LCD_CTRL,EN ;ENABLER PIN
Warning[203]: Found opcode in column 1. (CALL)
000300 EC98 F001      00202 CALL SSDELAY
Warning[203]: Found opcode in column 1. (BCF)
000304 9482           00203 BCF LCD_CTRL,EN
                      00204 
Warning[203]: Found opcode in column 1. (RETURN)
000306 0012           00205 RETURN
                      00206 
000308                00207 DATAWRT
Warning[203]: Found opcode in column 1. (MOVWF)
000308 6E83           00208 MOVWF LCD_DATA
Warning[203]: Found opcode in column 1. (BSF)
00030A 8082           00209 BSF LCD_CTRL,RS ;AS DATA MODE SELECT REGISTER =1
Warning[203]: Found opcode in column 1. (BCF)
00030C 9282           00210 BCF LCD_CTRL,RW ; AS OUTPUT WRITE MODE IN LCD
Warning[203]: Found opcode in column 1. (BSF)
00030E 8482           00211 BSF LCD_CTRL,EN ;ENABLER PIN
Warning[203]: Found opcode in column 1. (CALL)
000310 EC98 F001      00212 CALL SSDELAY
Warning[203]: Found opcode in column 1. (BCF)
000314 9482           00213 BCF LCD_CTRL,EN
                      00214 
Warning[203]: Found opcode in column 1. (RETURN)
000316 0012           00215 RETURN
                      00216 
000318                00217 DELAY
Warning[203]: Found opcode in column 1. (MOVLW)
000318 0E00           00218 MOVLW 00H
Warning[203]: Found opcode in column 1. (MOVWF)
00031A 6ECD           00219 MOVWF T1CON
Warning[203]: Found opcode in column 1. (MOVLW)
00031C 0E3C           00220 MOVLW 3CH
Warning[203]: Found opcode in column 1. (MOVWF)
00031E 6ECF           00221 MOVWF TMR1H
Warning[203]: Found opcode in column 1. (MOVLW)
000320 0EB0           00222 MOVLW 0B0H
Warning[203]: Found opcode in column 1. (MOVWF)
000322 6ECE           00223 MOVWF TMR1L
Warning[203]: Found opcode in column 1. (BCF)
000324 949E           00224 BCF PIR1,TMR0IF
Warning[203]: Found opcode in column 1. (BSF)
000326 80CD           00225 BSF T1CON,0
000328 A09E           00226 BA BTFSS PIR1,TMR1IF
Warning[203]: Found opcode in column 1. (BRA)
00032A D7FE           00227 BRA BA
Warning[203]: Found opcode in column 1. (BCF)
00032C 90CD           00228 BCF T1CON,0
                      00229 
                      00230 
Warning[203]: Found opcode in column 1. (RETURN)
00032E 0012           00231 RETURN
                      00232 
                      00233 
                      00234 
000330                00235 SSDELAY ;1MS
Warning[203]: Found opcode in column 1. (MOVLW)
000330 0E30           00236 MOVLW 30H
Warning[203]: Found opcode in column 1. (MOVWF)
000332 6ECD           00237 MOVWF T1CON
Warning[203]: Found opcode in column 1. (MOVLW)
000334 0EF4           00238 MOVLW 0F4H
Warning[203]: Found opcode in column 1. (MOVWF)
000336 6ECF           00239 MOVWF TMR1H
Warning[203]: Found opcode in column 1. (MOVLW)
000338 0E24           00240 MOVLW 24H
Warning[203]: Found opcode in column 1. (MOVWF)
00033A 6ECE           00241 MOVWF TMR1L
Warning[203]: Found opcode in column 1. (BCF)
00033C 909E           00242 BCF PIR1,TMR1IF
Warning[203]: Found opcode in column 1. (BSF)
00033E 80CD           00243 BSF T1CON,0
000340 A09E           00244 BA3 BTFSS PIR1,TMR1IF
Warning[203]: Found opcode in column 1. (BRA)
000342 D7FE           00245 BRA BA3
Warning[203]: Found opcode in column 1. (BCF)
000344 90CD           00246 BCF T1CON,0
                      00247 
                      00248 
Warning[203]: Found opcode in column 1. (RETURN)
000346 0012           00249 RETURN
                      00250 
                      00251 
                      00252 
                      00253 
                      00254 ;*****************INITIAL DISPLAY******************************
                      00255 
000348                00256 INITIALDISPLAY
                      00257 
Warning[203]: Found opcode in column 1. (MOVLW)
000348 0E20           00258 MOVLW A' '
Warning[203]: Found opcode in column 1. (CALL)
00034A EC84 F001      00259 CALL DATAWRT
Warning[203]: Found opcode in column 1. (CALL)
00034E EC98 F001      00260 CALL SSDELAY
Warning[203]: Found opcode in column 1. (MOVLW)
000352 0E20           00261 MOVLW A' '
Warning[203]: Found opcode in column 1. (CALL)
000354 EC84 F001      00262 CALL DATAWRT
Warning[203]: Found opcode in column 1. (CALL)
000358 EC98 F001      00263 CALL SSDELAY
Warning[203]: Found opcode in column 1. (MOVLW)
00035C 0E20           00264 MOVLW A' '
Warning[203]: Found opcode in column 1. (CALL)
00035E EC84 F001      00265 CALL DATAWRT
Warning[203]: Found opcode in column 1. (CALL)
000362 EC98 F001      00266 CALL SSDELAY
Warning[203]: Found opcode in column 1. (MOVLW)
000366 0E20           00267 MOVLW A' '
Warning[203]: Found opcode in column 1. (CALL)
000368 EC84 F001      00268 CALL DATAWRT
Warning[203]: Found opcode in column 1. (CALL)
00036C EC98 F001      00269 CALL SSDELAY
Warning[203]: Found opcode in column 1. (MOVLW)
000370 0E20           00270 MOVLW A' '
Warning[203]: Found opcode in column 1. (CALL)
000372 EC84 F001      00271 CALL DATAWRT
Warning[203]: Found opcode in column 1. (CALL)
000376 EC98 F001      00272 CALL SSDELAY
Warning[203]: Found opcode in column 1. (MOVLW)
00037A 0E56           00273 MOVLW A'V'
Warning[203]: Found opcode in column 1. (CALL)
00037C EC84 F001      00274 CALL DATAWRT
Warning[203]: Found opcode in column 1. (CALL)
000380 EC98 F001      00275 CALL SSDELAY
Warning[203]: Found opcode in column 1. (MOVLW)
000384 0E49           00276 MOVLW A'I'
Warning[203]: Found opcode in column 1. (CALL)
000386 EC84 F001      00277 CALL DATAWRT
Warning[203]: Found opcode in column 1. (CALL)
00038A EC98 F001      00278 CALL SSDELAY
Warning[203]: Found opcode in column 1. (MOVLW)
00038E 0E53           00279 MOVLW A'S'
Warning[203]: Found opcode in column 1. (CALL)
000390 EC84 F001      00280 CALL DATAWRT
Warning[203]: Found opcode in column 1. (CALL)
000394 EC98 F001      00281 CALL SSDELAY
Warning[203]: Found opcode in column 1. (MOVLW)
000398 0E49           00282 MOVLW A'I'
Warning[203]: Found opcode in column 1. (CALL)
00039A EC84 F001      00283 CALL DATAWRT
Warning[203]: Found opcode in column 1. (CALL)
00039E EC98 F001      00284 CALL SSDELAY
Warning[203]: Found opcode in column 1. (MOVLW)
0003A2 0E54           00285 MOVLW A'T'
Warning[203]: Found opcode in column 1. (CALL)
0003A4 EC84 F001      00286 CALL DATAWRT
Warning[203]: Found opcode in column 1. (CALL)
0003A8 EC98 F001      00287 CALL SSDELAY
Warning[203]: Found opcode in column 1. (MOVLW)
0003AC 0E4F           00288 MOVLW A'O'
Warning[203]: Found opcode in column 1. (CALL)
0003AE EC84 F001      00289 CALL DATAWRT
Warning[203]: Found opcode in column 1. (CALL)
0003B2 EC98 F001      00290 CALL SSDELAY
Warning[203]: Found opcode in column 1. (MOVLW)
0003B6 0E52           00291 MOVLW A'R'
Warning[203]: Found opcode in column 1. (CALL)
0003B8 EC84 F001      00292 CALL DATAWRT
Warning[203]: Found opcode in column 1. (CALL)
0003BC EC98 F001      00293 CALL SSDELAY
                      00294 
Warning[203]: Found opcode in column 1. (MOVLW)
0003C0 0EC0           00295 MOVLW 0C0H
Warning[203]: Found opcode in column 1. (CALL)
0003C2 EC7C F001      00296 CALL COMWRT
Warning[203]: Found opcode in column 1. (CALL)
0003C6 EC98 F001      00297 CALL SSDELAY
                      00298 
                      00299 
Warning[203]: Found opcode in column 1. (MOVLW)
0003CA 0E20           00300 MOVLW A' '
Warning[203]: Found opcode in column 1. (CALL)
0003CC EC84 F001      00301 CALL DATAWRT
Warning[203]: Found opcode in column 1. (CALL)
0003D0 EC98 F001      00302 CALL SSDELAY
Warning[203]: Found opcode in column 1. (MOVLW)
0003D4 0E20           00303 MOVLW A' '
Warning[203]: Found opcode in column 1. (CALL)
0003D6 EC84 F001      00304 CALL DATAWRT
Warning[203]: Found opcode in column 1. (CALL)
0003DA EC98 F001      00305 CALL SSDELAY
Warning[203]: Found opcode in column 1. (MOVLW)
0003DE 0E20           00306 MOVLW A' '
Warning[203]: Found opcode in column 1. (CALL)
0003E0 EC84 F001      00307 CALL DATAWRT
Warning[203]: Found opcode in column 1. (CALL)
0003E4 EC98 F001      00308 CALL SSDELAY
Warning[203]: Found opcode in column 1. (MOVLW)
0003E8 0E20           00309 MOVLW A' '
Warning[203]: Found opcode in column 1. (CALL)
0003EA EC84 F001      00310 CALL DATAWRT
Warning[203]: Found opcode in column 1. (CALL)
0003EE EC98 F001      00311 CALL SSDELAY
Warning[203]: Found opcode in column 1. (MOVLW)
0003F2 0E20           00312 MOVLW A' '
Warning[203]: Found opcode in column 1. (CALL)
0003F4 EC84 F001      00313 CALL DATAWRT
Warning[203]: Found opcode in column 1. (CALL)
0003F8 EC98 F001      00314 CALL SSDELAY
Warning[203]: Found opcode in column 1. (MOVLW)
0003FC 0E43           00315 MOVLW A'C'
Warning[203]: Found opcode in column 1. (CALL)
0003FE EC84 F001      00316 CALL DATAWRT
Warning[203]: Found opcode in column 1. (CALL)
000402 EC98 F001      00317 CALL SSDELAY
Warning[203]: Found opcode in column 1. (MOVLW)
000406 0E4F           00318 MOVLW A'O'
Warning[203]: Found opcode in column 1. (CALL)
000408 EC84 F001      00319 CALL DATAWRT
Warning[203]: Found opcode in column 1. (CALL)
00040C EC98 F001      00320 CALL SSDELAY
Warning[203]: Found opcode in column 1. (MOVLW)
000410 0E55           00321 MOVLW A'U'
Warning[203]: Found opcode in column 1. (CALL)
000412 EC84 F001      00322 CALL DATAWRT
Warning[203]: Found opcode in column 1. (CALL)
000416 EC98 F001      00323 CALL SSDELAY
Warning[203]: Found opcode in column 1. (MOVLW)
00041A 0E4E           00324 MOVLW A'N'
Warning[203]: Found opcode in column 1. (CALL)
00041C EC84 F001      00325 CALL DATAWRT
Warning[203]: Found opcode in column 1. (CALL)
000420 EC98 F001      00326 CALL SSDELAY
Warning[203]: Found opcode in column 1. (MOVLW)
000424 0E54           00327 MOVLW A'T'
Warning[203]: Found opcode in column 1. (CALL)
000426 EC84 F001      00328 CALL DATAWRT
Warning[203]: Found opcode in column 1. (CALL)
00042A EC98 F001      00329 CALL SSDELAY
Warning[203]: Found opcode in column 1. (MOVLW)
00042E 0E45           00330 MOVLW A'E'
Warning[203]: Found opcode in column 1. (CALL)
000430 EC84 F001      00331 CALL DATAWRT
Warning[203]: Found opcode in column 1. (CALL)
000434 EC98 F001      00332 CALL SSDELAY
Warning[203]: Found opcode in column 1. (MOVLW)
000438 0E52           00333 MOVLW A'R'
Warning[203]: Found opcode in column 1. (CALL)
00043A EC84 F001      00334 CALL DATAWRT
Warning[203]: Found opcode in column 1. (CALL)
00043E EC98 F001      00335 CALL SSDELAY
                      00336 
                      00337 
Warning[203]: Found opcode in column 1. (RETURN)
000442 0012           00338 RETURN
                      00339 
                      00340 ;*************************************INITIAL DISP END******************
                      00341 
                      00342 
                      00343 
                      00344 
                      00345 ;***********************HEX TO ASCII8**********************************
                      00346 
                      00347 
                      00348 
                      00349 
                      00350 
000444                00351 H2A
                      00352 
Warning[203]: Found opcode in column 1. (MOVWF)
000444 6E35           00353 MOVWF 35H ;JO NUMBER CONVERT KARNA HAI;
Warning[203]: Found opcode in column 1. (movlw)
000446 0E0A           00354 movlw 0Ah ; 10
Warning[203]: Found opcode in column 1. (movwf)
000448 6E55           00355 movwf 55h
                      00356 
Warning[203]: Found opcode in column 1. (CPFSLT)
00044A 6035           00357 CPFSLT 35H
Warning[203]: Found opcode in column 1. (BRA)
00044C D00D           00358 BRA GREATER
Warning[203]: Found opcode in column 1. (MOVLW)
00044E 0E30           00359 MOVLW 30H
Warning[203]: Found opcode in column 1. (ADDWF)
000450 2635           00360 ADDWF 35H
                      00361 
Warning[203]: Found opcode in column 1. (MOVLW)
000452 0E30           00362 MOVLW 30H
Warning[203]: Found opcode in column 1. (CALL)
000454 EC84 F001      00363 CALL DATAWRT
Warning[203]: Found opcode in column 1. (CALL)
000458 EC98 F001      00364 CALL SSDELAY
                      00365 
Warning[203]: Found opcode in column 1. (MOVF)
00045C 5035           00366 MOVF 35H,W
Warning[203]: Found opcode in column 1. (CALL)
00045E EC84 F001      00367 CALL DATAWRT
Warning[203]: Found opcode in column 1. (CALL)
000462 EC98 F001      00368 CALL SSDELAY
                      00369 
                      00370 
Warning[203]: Found opcode in column 1. (RETURN)
000466 0012           00371 RETURN
                      00372 
000468                00373 GREATER
                      00374 
                      00375 ;BITS KO ALAG KARNA HAI:
                      00376 
                      00377 ;DIV 
                      00378 
Warning[203]: Found opcode in column 1. (MOVLW)
000468 0E00           00379 MOVLW 00H
Warning[203]: Found opcode in column 1. (MOVWF)
00046A 6E07           00380 MOVWF 07H
Warning[203]: Found opcode in column 1. (MOVFF)
00046C C035 F036      00381 MOVFF 35H,36H
Warning[203]: Found opcode in column 1. (MOVLW)
000470 0E0A           00382 MOVLW 0AH
                      00383 
000472 2A07           00384 DIVLOOP INCF 07H
Warning[203]: Found opcode in column 1. (SUBWF)
000474 5E36           00385 SUBWF 36H,F
Warning[203]: Found opcode in column 1. (BNN)
000476 E7FD           00386 BNN DIVLOOP
Warning[203]: Found opcode in column 1. (DECF)
000478 0607           00387 DECF 07H
Warning[203]: Found opcode in column 1. (ADDWF)
00047A 2636           00388 ADDWF 36H,F ;REMAINDER
                      00389 
                      00390 ;36H CONTAINS REMAINDER
                      00391 ;07H CONTAINS QUOTIENT
Warning[203]: Found opcode in column 1. (MOVLW)
00047C 0E30           00392 MOVLW 30H
Warning[203]: Found opcode in column 1. (ADDWF)
00047E 2607           00393 ADDWF 07H;;07 CONTAINS FIRST BIT OF TIMER
Warning[203]: Found opcode in column 1. (MOVF)
000480 5007           00394 MOVF 07H,W
Warning[203]: Found opcode in column 1. (CALL)
000482 EC84 F001      00395 CALL DATAWRT
Warning[203]: Found opcode in column 1. (CALL)
000486 EC98 F001      00396 CALL SSDELAY
                      00397 
Warning[203]: Found opcode in column 1. (MOVLW)
00048A 0E30           00398 MOVLW 30H
Warning[203]: Found opcode in column 1. (ADDWF)
00048C 2636           00399 ADDWF 36H;;07 CONTAINS 2ND BIT OF TIMER
Warning[203]: Found opcode in column 1. (MOVF)
00048E 5036           00400 MOVF 36H,W
Warning[203]: Found opcode in column 1. (CALL)
000490 EC84 F001      00401 CALL DATAWRT
Warning[203]: Found opcode in column 1. (CALL)
000494 EC98 F001      00402 CALL SSDELAY
                      00403 
                      00404 
Warning[203]: Found opcode in column 1. (RETURN)
000498 0012           00405 RETURN
                      00406 
                      00407 
                      00408 
                      00409 
                      00410 ;**************************HEX TO ASCII**********************
                      00411 
                      00412 
                      00413 
00049A                00414 ISR
Warning[205]: Found directive in column 1. (ORG)
000700                00415 ORG 700H
Warning[203]: Found opcode in column 1. (INCF)
000700 2A00           00416 INCF 00H
                      00417 
Warning[203]: Found opcode in column 1. (BCF)
000702 9ED5           00418 BCF T0CON,TMR0ON
Warning[203]: Found opcode in column 1. (BCF)
000704 94F2           00419 BCF INTCON,TMR0IF
Warning[203]: Found opcode in column 1. (RETFIE)
000706 0010           00420 RETFIE
                      00421 
                      00422 
                      00423 
                      00424 
                      00425 
                      00426 
                      00427 
                      00428 
Warning[205]: Found directive in column 1. (end)
                      00429 end


MEMORY USAGE MAP ('X' = Used,  '-' = Unused)

0000 : XXXX----XXXXXXXX ---------------- ---------------- ----------------
0200 : XXXXXXXXXXXXXXXX XXXXXXXXXXXXXXXX XXXXXXXXXXXXXXXX XXXXXXXXXXXXXXXX
0240 : XXXXXXXXXXXXXXXX XXXXXXXXXXXXXXXX XXXXXXXXXXXXXXXX XXXXXXXXXXXXXXXX
0280 : XXXXXXXXXXXXXXXX XXXXXXXXXXXXXXXX XXXXXXXXXXXXXXXX XXXXXXXXXXXXXXXX
02C0 : XXXXXXXXXXXXXXXX XXXXXXXXXXXXXXXX XXXXXXXXXXXXXXXX XXXXXXXXXXXXXXXX
0300 : XXXXXXXXXXXXXXXX XXXXXXXXXXXXXXXX XXXXXXXXXXXXXXXX XXXXXXXXXXXXXXXX
0340 : XXXXXXXXXXXXXXXX XXXXXXXXXXXXXXXX XXXXXXXXXXXXXXXX XXXXXXXXXXXXXXXX
0380 : XXXXXXXXXXXXXXXX XXXXXXXXXXXXXXXX XXXXXXXXXXXXXXXX XXXXXXXXXXXXXXXX
03C0 : XXXXXXXXXXXXXXXX XXXXXXXXXXXXXXXX XXXXXXXXXXXXXXXX XXXXXXXXXXXXXXXX
0400 : XXXXXXXXXXXXXXXX XXXXXXXXXXXXXXXX XXXXXXXXXXXXXXXX XXXXXXXXXXXXXXXX
0440 : XXXXXXXXXXXXXXXX XXXXXXXXXXXXXXXX XXXXXXXXXXXXXXXX XXXXXXXXXXXXXXXX
0480 : XXXXXXXXXXXXXXXX XXXXXXXXXX------ ---------------- ----------------
0700 : XXXXXXXX-------- ---------------- ---------------- ----------------
0000 : -XXX-XX-XXXXXX-- ---------------- ---------------- ----------------

All other memory blocks unused.

Program Memory Bytes Used:   697
Program Memory Bytes Free: 32071


Errors   :     0
Warnings :   249 reported,     0 suppressed
Messages :     0 reported,     0 suppressed

